
> frontend@0.0.0 build
> vite build

[36mvite v5.4.21 [32mbuilding for production...[36m[39m
transforming...
[32mÔ£ô[39m 2628 modules transformed.
npm : [31mx[39m Build failed in 10.69s
Au caractère Ligne:1 : 1
+ npm run build > build_output.txt 2>&1
+ ~~~~~~~~~~~~~~~~~~~~~~~~~~~~~~~~~~~~~
    + CategoryInfo          : NotSpecified: ([31mx[39m Build failed in 10.69s:String) [], RemoteException
    + FullyQualifiedErrorId : NativeCommandError
 
[31merror during build:
[31msrc/App.tsx (23:7): "default" is not exported by "src/pages/TransactionsList.jsx", imported by "src/App.tsx".[31m
file: [36mC:/Users/Dr Haoua Madeleine/Desktop/5/frontend/src/App.tsx:23:7[31m
[33m
21: import AdminDashboard from "./pages/AdminDashboard";
22: import DisputeCenter from "./pages/DisputeCenter";
23: import TransactionsList from "./pages/TransactionsList";
           ^
24: import TransactionDetail from "./pages/TransactionDetail";
25: import ConversationsPage from "./pages/ConversationsPage";
[31m
    at getRollupError 
(file:///C:/Users/Dr%20Haoua%20Madeleine/Desktop/5/frontend/node_modules/rollup/dist/es/shared/parseAst.js:406:41)
    at error 
(file:///C:/Users/Dr%20Haoua%20Madeleine/Desktop/5/frontend/node_modules/rollup/dist/es/shared/parseAst.js:402:42)
    at Module.error 
(file:///C:/Users/Dr%20Haoua%20Madeleine/Desktop/5/frontend/node_modules/rollup/dist/es/shared/node-entry.js:17390:16)
    at Module.traceVariable 
(file:///C:/Users/Dr%20Haoua%20Madeleine/Desktop/5/frontend/node_modules/rollup/dist/es/shared/node-entry.js:17823:29)
    at ModuleScope.findVariable 
(file:///C:/Users/Dr%20Haoua%20Madeleine/Desktop/5/frontend/node_modules/rollup/dist/es/shared/node-entry.js:15413:39)
    at FunctionScope.findVariable 
(file:///C:/Users/Dr%20Haoua%20Madeleine/Desktop/5/frontend/node_modules/rollup/dist/es/shared/node-entry.js:5682:38)
    at FunctionBodyScope.findVariable 
(file:///C:/Users/Dr%20Haoua%20Madeleine/Desktop/5/frontend/node_modules/rollup/dist/es/shared/node-entry.js:5682:38)
    at Identifier.bind 
(file:///C:/Users/Dr%20Haoua%20Madeleine/Desktop/5/frontend/node_modules/rollup/dist/es/shared/node-entry.js:5449:40)
    at CallExpression.bind 
(file:///C:/Users/Dr%20Haoua%20Madeleine/Desktop/5/frontend/node_modules/rollup/dist/es/shared/node-entry.js:2827:28)
    at CallExpression.bind (file:///C:/Users/Dr%20Haoua%20Madeleine/Desktop/5/frontend/node_modules/rollup/dist/es/shar
ed/node-entry.js:12522:15)[39m
